../Core/Src/main.c:113:24:map_float_to_pwm	16	static
../Core/Src/main.c:120:6:DriveFromJoystick	40	static
../Core/Src/main.c:152:6:DriveAuto	4	static
../Core/Src/main.c:156:5:parseXY	40	static
../Core/Src/main.c:189:5:main	8	static
../Core/Src/main.c:288:6:SystemClock_Config	88	static
../Core/Src/main.c:330:13:MX_TIM2_Init	64	static
../Core/Src/main.c:389:13:MX_TIM3_Init	64	static
../Core/Src/main.c:448:13:MX_USART1_UART_Init	8	static
../Core/Src/main.c:481:13:MX_GPIO_Init	16	static
../Core/Src/main.c:491:6:HAL_UART_RxCpltCallback	24	static
../Core/Src/main.c:512:6:StartDefaultTask	16	static
../Core/Src/main.c:529:6:TestTask	48	static
../Core/Src/main.c:582:6:PWMTask	24	static
../Core/Src/main.c:638:6:Error_Handler	4	static,ignoring_inline_asm
