../Core/Src/main.c:144:24:map_float_to_pwm	16	static
../Core/Src/main.c:151:6:DriveFromJoystick	40	static
../Core/Src/main.c:203:6:DriveAuto	32	static
../Core/Src/main.c:241:5:parseXY	40	static
../Core/Src/main.c:274:5:main	8	static
../Core/Src/main.c:383:6:SystemClock_Config	88	static
../Core/Src/main.c:425:13:MX_TIM2_Init	64	static
../Core/Src/main.c:484:13:MX_TIM3_Init	48	static
../Core/Src/main.c:542:13:MX_TIM4_Init	64	static
../Core/Src/main.c:601:13:MX_USART1_UART_Init	8	static
../Core/Src/main.c:634:13:MX_GPIO_Init	40	static
../Core/Src/main.c:662:6:HAL_UART_RxCpltCallback	24	static
../Core/Src/main.c:674:6:HAL_TIM_IC_CaptureCallback	24	static
../Core/Src/main.c:714:6:StartDefaultTask	16	static
../Core/Src/main.c:731:6:TestTask	48	static
../Core/Src/main.c:784:6:PWMTask	24	static
../Core/Src/main.c:843:6:SensorUTask	32	static
../Core/Src/main.c:887:6:Error_Handler	4	static,ignoring_inline_asm
